Started by user [8mha:AAAAlh+LCAAAAAAAAP9b85aBtbiIQTGjNKU4P08vOT+vOD8nVc83PyU1x6OyILUoJzMv2y+/JJUBAhiZGBgqihhk0NSjKDWzXb3RdlLBUSYGJk8GtpzUvPSSDB8G5tKinBIGIZ+sxLJE/ZzEvHT94JKizLx0a6BxUmjGOUNodHsLgAyWEgYu/dLi1CL9qsTkbADWEvs8vwAAAA==[0mzack
Building in workspace C:\Users\zack\.jenkins\workspace\jmeter-test
[jmeter-test] $ cmd /c call C:\Users\zack\AppData\Local\Temp\hudson7045288940921327534.bat

C:\Users\zack\.jenkins\workspace\jmeter-test>d:

D:\>cd D:\dev\apache-jmeter-2.13\bin 

D:\dev\apache-jmeter-2.13\bin>jmeter -n -t C:\Users\zack\Desktop\lily\¶©µ¥.jmx -l test-reports\test_reports.jtl 
Creating summariser <summary>
Created the tree successfully using C:\Users\zack\Desktop\lily\¶©µ¥.jmx
Starting the test @ Sat Jan 16 19:56:32 GMT+08:00 2016 (1452945392902)
Waiting for possible shutdown message on port 4445
summary +      1 in     2s =    0.6/s Avg:   762 Min:   762 Max:   762 Err:     0 (0.00%) Active: 282 Started: 282 Finished: 0
summary +   4199 in  25.1s =  167.3/s Avg:   980 Min:   328 Max: 13566 Err:     0 (0.00%) Active: 0 Started: 300 Finished: 300
summary =   4200 in    27s =  156.8/s Avg:   980 Min:   328 Max: 13566 Err:     0 (0.00%)
Tidying up ...    @ Sat Jan 16 19:56:59 GMT+08:00 2016 (1452945419786)
... end of run
[jmeter-test] $ cmd /c call C:\Users\zack\AppData\Local\Temp\hudson3145866368149823736.bat

C:\Users\zack\.jenkins\workspace\jmeter-test>d:

D:\>cd D:\dev\apache-jmeter-2.13\bin 

D:\dev\apache-jmeter-2.13\bin>xcopy /E /Y  test-reports\test_reports.jtl  C:\Users\zack\.jenkins\workspace\jmeter-test 
test-reports\test_reports.jtl
¸´ÖÆÁË 1 ¸öÎÄ¼þ

D:\dev\apache-jmeter-2.13\bin>exit 0 
Performance: Percentage of errors greater or equal than 0% sets the build as unstable
Performance: Percentage of errors greater or equal than 0% sets the build as failure



Performance: Recording JMeter reports '**/*.jtl'
Performance: Parsing JMeter report file 'C:\Users\zack\.jenkins\jobs\jmeter-test\builds\9\performance-reports\JMeter\test_reports.jtl'.
Finished: SUCCESS
